// Jest Snapshot v1, https://goo.gl/fbAQLP

exports[`Favorites should match snapshot if there are multiple favorites 1`] = `"<button>View Favorites: 2</button>"`;

exports[`Favorites should match snapshot if there is one favorite 1`] = `"<button>View Favorites: 1</button>"`;

exports[`Favorites should match the snapshot 1`] = `"<button>View Favorites: 0</button>"`;
