// Jest Snapshot v1, https://goo.gl/fbAQLP

exports[`Crawl should match snapshot 1`] = `"<section class=\\"crawler-container\\"><div class=\\"crawler\\"></div></section>"`;

exports[`Crawl should match snapshot with multiple films 1`] = `"<section class=\\"crawler-container\\"><div class=\\"crawler\\"><div><h2>test1</h2><p>text</p><p class=\\"film-end\\">1</p></div><div><h2>test2</h2><p>text</p><p class=\\"film-end\\">2</p></div></div></section>"`;

exports[`Crawl should match snapshot with one film 1`] = `"<section class=\\"crawler-container\\"><div class=\\"crawler\\"><div><h2>test1</h2><p>text</p><p class=\\"film-end\\">1</p></div></div></section>"`;
