// Jest Snapshot v1, https://goo.gl/fbAQLP

exports[`App should match snapshot 1`] = `"<div class=\\"App\\"><div class=\\"show-loading\\">Loading...</div><section class=\\"crawler-container\\"><div class=\\"crawler\\"></div></section><main><button>View Favorites: 0</button><nav class=\\"nav\\"><button name=\\"people\\" class=\\"btn \\">people</button><button name=\\"planets\\" class=\\"btn \\">planets</button><button name=\\"vehicles\\" class=\\"btn \\">vehicles</button></nav><section></section></main></div>"`;
