// Jest Snapshot v1, https://goo.gl/fbAQLP

exports[`App should match snapshot 1`] = `
ShallowWrapper {
  Symbol(enzyme.__root__): [Circular],
  Symbol(enzyme.__unrendered__): <App />,
  Symbol(enzyme.__renderer__): Object {
    "batchedUpdates": [Function],
    "getNode": [Function],
    "render": [Function],
    "simulateEvent": [Function],
    "unmount": [Function],
  },
  Symbol(enzyme.__node__): Object {
    "instance": null,
    "key": undefined,
    "nodeType": "host",
    "props": Object {
      "children": Array [
        <div
          className="show-loading"
>
          Loading...
</div>,
        <Crawl
          films={Array []}
          loading={true}
/>,
        <main>
          <Favorites
                    favorites={Array []}
          />
          <Categories
                    categories={
                              Array [
                                        "people",
                                        "planets",
                                        "vehicles",
                                      ]
                    }
                    selectCategory={[Function]}
                    selectedCategory=""
          />
          <CardContainer
                    category={Array []}
                    toggleFavorites={[Function]}
          />
</main>,
      ],
      "className": "App",
    },
    "ref": null,
    "rendered": Array [
      Object {
        "instance": null,
        "key": undefined,
        "nodeType": "host",
        "props": Object {
          "children": "Loading...",
          "className": "show-loading",
        },
        "ref": null,
        "rendered": "Loading...",
        "type": "div",
      },
      Object {
        "instance": null,
        "key": undefined,
        "nodeType": "function",
        "props": Object {
          "films": Array [],
          "loading": true,
        },
        "ref": null,
        "rendered": null,
        "type": [Function],
      },
      Object {
        "instance": null,
        "key": undefined,
        "nodeType": "host",
        "props": Object {
          "children": Array [
            <Favorites
              favorites={Array []}
/>,
            <Categories
              categories={
                            Array [
                                          "people",
                                          "planets",
                                          "vehicles",
                                        ]
              }
              selectCategory={[Function]}
              selectedCategory=""
/>,
            <CardContainer
              category={Array []}
              toggleFavorites={[Function]}
/>,
          ],
        },
        "ref": null,
        "rendered": Array [
          Object {
            "instance": null,
            "key": undefined,
            "nodeType": "function",
            "props": Object {
              "favorites": Array [],
            },
            "ref": null,
            "rendered": null,
            "type": [Function],
          },
          Object {
            "instance": null,
            "key": undefined,
            "nodeType": "function",
            "props": Object {
              "categories": Array [
                "people",
                "planets",
                "vehicles",
              ],
              "selectCategory": [Function],
              "selectedCategory": "",
            },
            "ref": null,
            "rendered": null,
            "type": [Function],
          },
          Object {
            "instance": null,
            "key": undefined,
            "nodeType": "function",
            "props": Object {
              "category": Array [],
              "toggleFavorites": [Function],
            },
            "ref": null,
            "rendered": null,
            "type": [Function],
          },
        ],
        "type": "main",
      },
    ],
    "type": "div",
  },
  Symbol(enzyme.__nodes__): Array [
    Object {
      "instance": null,
      "key": undefined,
      "nodeType": "host",
      "props": Object {
        "children": Array [
          <div
            className="show-loading"
>
            Loading...
</div>,
          <Crawl
            films={Array []}
            loading={true}
/>,
          <main>
            <Favorites
                        favorites={Array []}
            />
            <Categories
                        categories={
                                    Array [
                                                "people",
                                                "planets",
                                                "vehicles",
                                              ]
                        }
                        selectCategory={[Function]}
                        selectedCategory=""
            />
            <CardContainer
                        category={Array []}
                        toggleFavorites={[Function]}
            />
</main>,
        ],
        "className": "App",
      },
      "ref": null,
      "rendered": Array [
        Object {
          "instance": null,
          "key": undefined,
          "nodeType": "host",
          "props": Object {
            "children": "Loading...",
            "className": "show-loading",
          },
          "ref": null,
          "rendered": "Loading...",
          "type": "div",
        },
        Object {
          "instance": null,
          "key": undefined,
          "nodeType": "function",
          "props": Object {
            "films": Array [],
            "loading": true,
          },
          "ref": null,
          "rendered": null,
          "type": [Function],
        },
        Object {
          "instance": null,
          "key": undefined,
          "nodeType": "host",
          "props": Object {
            "children": Array [
              <Favorites
                favorites={Array []}
/>,
              <Categories
                categories={
                                Array [
                                                "people",
                                                "planets",
                                                "vehicles",
                                              ]
                }
                selectCategory={[Function]}
                selectedCategory=""
/>,
              <CardContainer
                category={Array []}
                toggleFavorites={[Function]}
/>,
            ],
          },
          "ref": null,
          "rendered": Array [
            Object {
              "instance": null,
              "key": undefined,
              "nodeType": "function",
              "props": Object {
                "favorites": Array [],
              },
              "ref": null,
              "rendered": null,
              "type": [Function],
            },
            Object {
              "instance": null,
              "key": undefined,
              "nodeType": "function",
              "props": Object {
                "categories": Array [
                  "people",
                  "planets",
                  "vehicles",
                ],
                "selectCategory": [Function],
                "selectedCategory": "",
              },
              "ref": null,
              "rendered": null,
              "type": [Function],
            },
            Object {
              "instance": null,
              "key": undefined,
              "nodeType": "function",
              "props": Object {
                "category": Array [],
                "toggleFavorites": [Function],
              },
              "ref": null,
              "rendered": null,
              "type": [Function],
            },
          ],
          "type": "main",
        },
      ],
      "type": "div",
    },
  ],
  Symbol(enzyme.__options__): Object {
    "adapter": ReactSixteenAdapter {
      "options": Object {
        "enableComponentDidUpdateOnSetState": true,
        "lifecycles": Object {
          "componentDidUpdate": Object {
            "onSetState": true,
          },
          "getSnapshotBeforeUpdate": true,
        },
      },
    },
    "attachTo": undefined,
    "hydrateIn": undefined,
  },
}
`;
